# Ticket: t-with-lang

**Status:** open

lang desc

ID: <ID>

## Patterns

**No patterns reason:** fixture

## Language patterns

- <ID> — lang-pattern-fixture

```
defer $DB.Close(); rows, err := $DB.QueryContext($CTX, $Q, $$$ARGS); if err != nil { return nil, err }
```

### Warnings

⚠ **Unresolved language patterns:** <ID>
348 rendered bytes.