{"decision":{"alternatives":"alt-x, alt-y","choice":"evidence choice","id":"<ID>","name":"cap-evidence-decision","rationale":"evidence rationale"},"evidence":[{"id":"<ID>","type":"finding","name":"finding-1","summary":"fsum finding-1","references":[{"id":"<ID>","name":"ref for finding-1","type":"reference","value":"https://example.invalid/finding-1"}]},{"id":"<ID>","type":"finding","name":"finding-2","summary":"fsum finding-2","references":[{"id":"<ID>","name":"ref for finding-2","type":"reference","value":"https://example.invalid/finding-2"}]}]}