{"ancestry":[{"id":"<ID>","name":"ex-phase","type":"phase","status":"pending","depth_above":1},{"id":"<ID>","name":"ex-plan","type":"plan","status":"active","depth_above":2},{"id":"<ID>","name":"ex-pticket","type":"ticket","status":"open","depth_above":3},{"id":"<ID>","name":"ex-pproj","type":"project","status":"active","depth_above":4}],"created_at":1767268800000000000,"description":"step desc","edges":[{"direction":"in","type":"contains","peer":"<ID>","peer_type":"phase","peer_name":"ex-phase"}],"id":"<ID>","name":"ex-step","source":"llm:claude","status":"pending","type":"step","updated_at":1767268800000000000}