{"ancestry":[{"id":"<ID>","name":"ex-plan","type":"plan","status":"active","depth_above":1},{"id":"<ID>","name":"ex-pticket","type":"ticket","status":"open","depth_above":2},{"id":"<ID>","name":"ex-pproj","type":"project","status":"active","depth_above":3}],"created_at":"<TIMENANO>","description":"ph over","edges":[{"direction":"out","type":"contains","peer":"<ID>","peer_type":"step","peer_name":"ex-step"},{"direction":"in","type":"contains","peer":"<ID>","peer_type":"plan","peer_name":"ex-plan"}],"id":"<ID>","name":"ex-phase","source":"llm:claude","status":"pending","type":"phase","updated_at":"<TIMENANO>"}