{"ancestry":[{"id":"<ID>","name":"ex-tproj","type":"project","status":"active","depth_above":1}],"created_at":"<TIMENANO>","description":"ex ticket desc","edges":[{"direction":"in","type":"contains","peer":"<ID>","peer_type":"project","peer_name":"ex-tproj"}],"id":"<ID>","metadata":{"no_patterns_reason":"fixture"},"name":"ex-ticket","source":"llm:claude","status":"open","type":"ticket","updated_at":"<TIMENANO>"}