{"ancestry":[{"id":"<ID>","name":"ex-pticket","type":"ticket","status":"open","depth_above":1},{"id":"<ID>","name":"ex-pproj","type":"project","status":"active","depth_above":2}],"created_at":"<TIMENANO>","description":"ex plan goal","edges":[{"direction":"out","type":"contains","peer":"<ID>","peer_type":"phase","peer_name":"ex-phase"},{"direction":"in","type":"contains","peer":"<ID>","peer_type":"ticket","peer_name":"ex-pticket"}],"id":"<ID>","metadata":{"no_patterns_reason":"fixture"},"name":"ex-plan","source":"llm:claude","status":"active","type":"plan","updated_at":"<TIMENANO>"}