{"ancestry":[{"id":"<ID>","name":"ex-cstep","type":"step","status":"pending","depth_above":1},{"id":"<ID>","name":"ex-cphase","type":"phase","status":"pending","depth_above":2},{"id":"<ID>","name":"ex-cplan","type":"plan","status":"active","depth_above":3},{"id":"<ID>","name":"ex-cticket","type":"ticket","status":"open","depth_above":4},{"id":"<ID>","name":"ex-cproj","type":"project","status":"active","depth_above":5}],"created_at":"<TIMENANO>","description":"criterion desc","edges":[{"direction":"out","type":"verifies","peer":"<ID>","peer_type":"step","peer_name":"ex-cstep"},{"direction":"in","type":"contains","peer":"<ID>","peer_type":"step","peer_name":"ex-cstep"}],"id":"<ID>","metadata":{"type":"manual"},"name":"ex-criterion","source":"test","status":"active","type":"criterion","updated_at":"<TIMENANO>"}