{"ancestry":[{"id":"<ID>","name":"ex-qresearch","type":"research","status":"active","depth_above":1}],"created_at":"<TIMENANO>","description":"ex question text","edges":[{"direction":"in","type":"contains","peer":"<ID>","peer_type":"research","peer_name":"ex-qresearch"}],"id":"<ID>","name":"ex question text","source":"llm:claude","status":"open","type":"question","updated_at":"<TIMENANO>"}