{"lineage":[{"id":"<ID>","name":"lin-phase","type":"phase","summary":"lp psum","edge_type":"contains","depth":1},{"id":"<ID>","name":"lin-plan","type":"plan","summary":"lp sum","edge_type":"contains","depth":2},{"id":"<ID>","name":"lin-ticket","type":"ticket","summary":"lt sum","edge_type":"contains","depth":3},{"id":"<ID>","name":"lin-project","type":"project","summary":"lp sum","edge_type":"contains","depth":4}],"start":{"id":"<ID>","name":"lin-step","summary":"ls sum","type":"step"}}