{"children":[{"children":[{"description":"desc 1a","id":"<ID>","name":"step-1a","status":"pending","type":"step"},{"description":"desc 1b","id":"<ID>","name":"step-1b","status":"pending","type":"step"},{"description":"desc 1c","id":"<ID>","name":"step-1c","status":"pending","type":"step"}],"description":"p1 over","id":"<ID>","name":"phase-1","status":"pending","type":"phase"},{"children":[{"description":"desc 2a","id":"<ID>","name":"step-2a","status":"pending","type":"step"},{"description":"desc 2b","id":"<ID>","name":"step-2b","status":"pending","type":"step"},{"description":"desc 2c","id":"<ID>","name":"step-2c","status":"pending","type":"step"}],"description":"p2 over","id":"<ID>","name":"phase-2","status":"pending","type":"phase"}],"description":"plan goal","id":"<ID>","name":"capture-plan","status":"active","type":"plan"}